###############################################################################
#
# IAR ELF Linker V3.11.1.207 for STM8                     16/Jan/2020  16:56:42
# Copyright 2010-2019 IAR Systems AB.
#
#    Output file  =  
#        C:\Users\16282\Desktop\STM8_DEMO\STM8ku_DEMO\IAR\Debug\Exe\STM8ku_DEMO.out
#    Map file     =  
#        C:\Users\16282\Desktop\STM8_DEMO\STM8ku_DEMO\IAR\Debug\List\STM8ku_DEMO.map
#    Command line =  
#        -f C:\Users\16282\AppData\Local\Temp\EW16E0.tmp
#        (C:\Users\16282\Desktop\STM8_DEMO\STM8ku_DEMO\IAR\Debug\Obj\led.o
#        C:\Users\16282\Desktop\STM8_DEMO\STM8ku_DEMO\IAR\Debug\Obj\main.o
#        C:\Users\16282\Desktop\STM8_DEMO\STM8ku_DEMO\IAR\Debug\Obj\pbdata.o
#        C:\Users\16282\Desktop\STM8_DEMO\STM8ku_DEMO\IAR\Debug\Obj\stm8s_it.o
#        --redirect _Printf=_PrintfSmall --redirect _Scanf=_ScanfSmall
#        --no_out_extension -o
#        C:\Users\16282\Desktop\STM8_DEMO\STM8ku_DEMO\IAR\Debug\Exe\STM8ku_DEMO.out
#        --map
#        C:\Users\16282\Desktop\STM8_DEMO\STM8ku_DEMO\IAR\Debug\List\STM8ku_DEMO.map
#        --config "C:\Program Files (x86)\IAR Systems\Embedded Workbench
#        8.3\stm8\config\lnkstm8s208mb.icf" --config_def _CSTACK_SIZE=0x100
#        --config_def _HEAP_SIZE=0x100 --entry __iar_program_start --debug_lib)
#
###############################################################################

*******************************************************************************
*** RUNTIME MODEL ATTRIBUTES
***

__SystemLibrary            = DLib
__code_model               = small
__core                     = stm8
__data_model               = medium
__dlib_file_descriptor     = 0
__dlib_full_locale_support = 0
__rt_version               = 4


*******************************************************************************
*** PLACEMENT SUMMARY
***

"A0":  place at start of [0x000000-0x0000ff] { rw section .vregs };
"A1":  place at end of [0x000000-0x0017ff] { block CSTACK };
"A2":  place at start of [0x008000-0x00ffff] { block INTVEC };
"P3":  place in [from 0x008000 to 0x00ffff] {
          ro section __DLIB_PERTHREAD_init, ro section .far.data_init,
          ro section .far_func.textrw_init, ro section .huge.data_init,
          ro section .huge_func.textrw_init, ro section .iar.init_table,
          ro section .init_array, ro section .near.data_init,
          ro section .near.rodata, ro section .near_func.text,
          ro section .near_func.textrw_init, ro section .tiny.data_init,
          ro section .tiny.rodata_init };
do not initialize {
   rw section .eeprom.noinit, rw section .far.noinit, rw section .huge.noinit,
   rw section .near.noinit, rw section .tiny.noinit, rw section .vregs };

No sections matched the following patterns:

  ro section .far.data_init          in "P3"
  ro section .far.rodata             in "P4"
  ro section .far_func.text          in "P4"
  ro section .far_func.textrw_init   in "P3"
  ro section .huge.data_init         in "P3"
  ro section .huge.rodata            in "P5"
  ro section .huge_func.text         in "P5"
  ro section .huge_func.textrw_init  in "P3"
  ro section .iar.init_table         in "P3"
  ro section .init_array             in "P3"
  ro section .near.data_init         in "P3"
  ro section .near.rodata            in "P3"
  ro section .near_func.textrw_init  in "P3"
  ro section .tiny.data_init         in "P3"
  ro section .tiny.rodata_init       in "P3"
  ro section __DLIB_PERTHREAD_init   in "P3"
  rw section .far.bss                in "P2"
  rw section .far.data               in "P2"
  rw section .far.noinit             in "P2"
  rw section .far_func.textrw        in "P2"
  rw section .huge.bss               in "P2"
  rw section .huge.data              in "P2"
  rw section .huge.noinit            in "P2"
  rw section .huge_func.textrw       in "P2"
  rw section .iar.dynexit            in "P2"
  rw section .near.bss               in "P2"
  rw section .near.data              in "P2"
  rw section .near.noinit            in "P2"
  rw section .near_func.textrw       in "P2"
  rw section .tiny.bss               in "P1"
  rw section .tiny.data              in "P1"
  rw section .tiny.noinit            in "P1"
  rw section .tiny.rodata            in "P1"
  rw section __DLIB_PERTHREAD        in "P2"
  section .eeprom.data               in "P6-P8"
  section .eeprom.noinit             in "P6-P8"
  section .eeprom.rodata             in "P6-P8"


  Section          Kind      Address   Size  Object
  -------          ----      -------   ----  ------
"A0":                                   0xc
  .vregs           uninit   0x000000    0xc  vregs.o [4]
                          - 0x00000c    0xc

"A1":                                 0x100
  CSTACK                    0x001700  0x100  <Block>
    CSTACK         uninit   0x001700  0x100  <Block tail>
                          - 0x001800  0x100

"A2":                                  0x80
  INTVEC                    0x008000   0x80  <Block>
    .intvec        const    0x008000   0x80  interrupt.o [4]
                          - 0x008080   0x80

"P3":                                  0x81
  .near_func.text  ro code  0x008080   0x18  vreg_util.o [4]
  .near_func.text  ro code  0x008098   0x14  init.o [4]
  .near_func.text  ro code  0x0080ac   0x14  __dbg_xxexit.o [3]
  .near_func.text  ro code  0x0080c0   0x13  cstartup.o [4]
  .near_func.text  ro code  0x0080d3    0x5  cexit.o [4]
  .near_func.text  ro code  0x0080d8    0x3  interrupt.o [4]
  .near_func.text  ro code  0x0080db    0x3  low_level_init.o [4]
  .near_func.text  ro code  0x0080de    0x3  exit.o [4]
  .near_func.text  ro code  0x0080e1    0x3  unhandled_exception.o [4]
  .near_func.text  ro code  0x0080e4    0x2  main.o [1]
  .near_func.text  ro code  0x0080e6    0x1  stm8s_it.o [1]
  .near_func.text  ro code  0x0080e7    0x1  stm8s_it.o [1]
  .near_func.text  ro code  0x0080e8    0x1  stm8s_it.o [1]
  .near_func.text  ro code  0x0080e9    0x1  stm8s_it.o [1]
  .near_func.text  ro code  0x0080ea    0x1  stm8s_it.o [1]
  .near_func.text  ro code  0x0080eb    0x1  stm8s_it.o [1]
  .near_func.text  ro code  0x0080ec    0x1  stm8s_it.o [1]
  .near_func.text  ro code  0x0080ed    0x1  stm8s_it.o [1]
  .near_func.text  ro code  0x0080ee    0x1  stm8s_it.o [1]
  .near_func.text  ro code  0x0080ef    0x1  stm8s_it.o [1]
  .near_func.text  ro code  0x0080f0    0x1  stm8s_it.o [1]
  .near_func.text  ro code  0x0080f1    0x1  stm8s_it.o [1]
  .near_func.text  ro code  0x0080f2    0x1  stm8s_it.o [1]
  .near_func.text  ro code  0x0080f3    0x1  stm8s_it.o [1]
  .near_func.text  ro code  0x0080f4    0x1  stm8s_it.o [1]
  .near_func.text  ro code  0x0080f5    0x1  stm8s_it.o [1]
  .near_func.text  ro code  0x0080f6    0x1  stm8s_it.o [1]
  .near_func.text  ro code  0x0080f7    0x1  stm8s_it.o [1]
  .near_func.text  ro code  0x0080f8    0x1  stm8s_it.o [1]
  .near_func.text  ro code  0x0080f9    0x1  stm8s_it.o [1]
  .near_func.text  ro code  0x0080fa    0x1  stm8s_it.o [1]
  .near_func.text  ro code  0x0080fb    0x1  stm8s_it.o [1]
  .near_func.text  ro code  0x0080fc    0x1  stm8s_it.o [1]
  .near_func.text  ro code  0x0080fd    0x1  stm8s_it.o [1]
  .near_func.text  ro code  0x0080fe    0x1  stm8s_it.o [1]
  .near_func.text  ro code  0x0080ff    0x1  stm8s_it.o [1]
  .near_func.text  ro code  0x008100    0x1  __dbg_break.o [3]
                          - 0x008101   0x81



*******************************************************************************
*** MODULE SUMMARY
***

    Module                 ro code  ro data  rw data
    ------                 -------  -------  -------
C:\Users\16282\Desktop\STM8_DEMO\STM8ku_DEMO\IAR\Debug\Obj: [1]
    main.o                       2
    stm8s_it.o                  26
    ------------------------------------------------
    Total:                      28

command line: [2]
    ------------------------------------------------
    Total:

dbgstm8smd.a: [3]
    __dbg_break.o                1
    __dbg_xxexit.o              20
    ------------------------------------------------
    Total:                      21

dlstm8smn.a: [4]
    cexit.o                      5
    cstartup.o                  19
    exit.o                       3
    init.o                      20
    interrupt.o                  3      128
    low_level_init.o             3
    unhandled_exception.o        3
    vreg_util.o                 24
    vregs.o                                       12
    ------------------------------------------------
    Total:                      80      128       12

    Linker created                               256
----------------------------------------------------
    Grand Total:               129      128      268


*******************************************************************************
*** ENTRY LIST
***

Entry                     Address  Size  Type      Object
-----                     -------  ----  ----      ------
?b0                      0x000000        Data  Gb  vregs.o [4]
?b1                      0x000001        Data  Gb  vregs.o [4]
?b10                     0x00000a        Data  Gb  vregs.o [4]
?b11                     0x00000b        Data  Gb  vregs.o [4]
?b2                      0x000002        Data  Gb  vregs.o [4]
?b3                      0x000003        Data  Gb  vregs.o [4]
?b4                      0x000004        Data  Gb  vregs.o [4]
?b5                      0x000005        Data  Gb  vregs.o [4]
?b6                      0x000006        Data  Gb  vregs.o [4]
?b7                      0x000007        Data  Gb  vregs.o [4]
?b8                      0x000008        Data  Gb  vregs.o [4]
?b9                      0x000009        Data  Gb  vregs.o [4]
?e0                      0x000001        Data  Gb  vregs.o [4]
?e1                      0x000005        Data  Gb  vregs.o [4]
?e2                      0x000009        Data  Gb  vregs.o [4]
?l0                      0x000000        Data  Gb  vregs.o [4]
?l1                      0x000004        Data  Gb  vregs.o [4]
?l2                      0x000008        Data  Gb  vregs.o [4]
?push_w4                 0x008080        Code  Gb  vreg_util.o [4]
?w0                      0x000000        Data  Gb  vregs.o [4]
?w1                      0x000002        Data  Gb  vregs.o [4]
?w2                      0x000004        Data  Gb  vregs.o [4]
?w3                      0x000006        Data  Gb  vregs.o [4]
?w4                      0x000008        Data  Gb  vregs.o [4]
?w5                      0x00000a        Data  Gb  vregs.o [4]
ADC2_IRQHandler          0x0080fd   0x1  Code  Gb  stm8s_it.o [1]
AWU_IRQHandler           0x0080e8   0x1  Code  Gb  stm8s_it.o [1]
CAN_RX_IRQHandler        0x0080ef   0x1  Code  Gb  stm8s_it.o [1]
CAN_TX_IRQHandler        0x0080f0   0x1  Code  Gb  stm8s_it.o [1]
CLK_IRQHandler           0x0080e9   0x1  Code  Gb  stm8s_it.o [1]
CSTACK$$Base             0x001700         --   Gb  - Linker created -
CSTACK$$Limit            0x001800         --   Gb  - Linker created -
EEPROM_EEC_IRQHandler    0x0080ff   0x1  Code  Gb  stm8s_it.o [1]
EXTI_PORTA_IRQHandler    0x0080ea   0x1  Code  Gb  stm8s_it.o [1]
EXTI_PORTB_IRQHandler    0x0080eb   0x1  Code  Gb  stm8s_it.o [1]
EXTI_PORTC_IRQHandler    0x0080ec   0x1  Code  Gb  stm8s_it.o [1]
EXTI_PORTD_IRQHandler    0x0080ed   0x1  Code  Gb  stm8s_it.o [1]
EXTI_PORTE_IRQHandler    0x0080ee   0x1  Code  Gb  stm8s_it.o [1]
I2C_IRQHandler           0x0080fa   0x1  Code  Gb  stm8s_it.o [1]
INTVEC$$Base             0x008000         --   Gb  - Linker created -
INTVEC$$Limit            0x008080         --   Gb  - Linker created -
Region$$Table$$Base    0x00000000         --   Gb  - Linker created -
Region$$Table$$Limit   0x00000000         --   Gb  - Linker created -
SPI_IRQHandler           0x0080f1   0x1  Code  Gb  stm8s_it.o [1]
TIM1_CAP_COM_IRQHandler
                         0x0080f3   0x1  Code  Gb  stm8s_it.o [1]
TIM1_UPD_OVF_TRG_BRK_IRQHandler
                         0x0080f2   0x1  Code  Gb  stm8s_it.o [1]
TIM2_CAP_COM_IRQHandler
                         0x0080f5   0x1  Code  Gb  stm8s_it.o [1]
TIM2_UPD_OVF_BRK_IRQHandler
                         0x0080f4   0x1  Code  Gb  stm8s_it.o [1]
TIM3_CAP_COM_IRQHandler
                         0x0080f7   0x1  Code  Gb  stm8s_it.o [1]
TIM3_UPD_OVF_BRK_IRQHandler
                         0x0080f6   0x1  Code  Gb  stm8s_it.o [1]
TIM4_UPD_OVF_IRQHandler
                         0x0080fe   0x1  Code  Gb  stm8s_it.o [1]
TLI_IRQHandler           0x0080e7   0x1  Code  Gb  stm8s_it.o [1]
TRAP_IRQHandler          0x0080e6   0x1  Code  Gb  stm8s_it.o [1]
UART1_RX_IRQHandler      0x0080f9   0x1  Code  Gb  stm8s_it.o [1]
UART1_TX_IRQHandler      0x0080f8   0x1  Code  Gb  stm8s_it.o [1]
UART3_RX_IRQHandler      0x0080fc   0x1  Code  Gb  stm8s_it.o [1]
UART3_TX_IRQHandler      0x0080fb   0x1  Code  Gb  stm8s_it.o [1]
__DebugBreak             0x008100   0x1  Code  Gb  __dbg_break.o [3]
__exit                   0x0080ac  0x14  Code  Gb  __dbg_xxexit.o [3]
__iar_data_init2         0x008098  0x14  Code  Gb  init.o [4]
__iar_program_start      0x0080c0        Code  Gb  cstartup.o [4]
__iar_unhandled_exception
                         0x0080e1        Code  Gb  unhandled_exception.o [4]
__intvec                 0x008000        Data  Gb  interrupt.o [4]
__low_level_init         0x0080db   0x3  Code  Gb  low_level_init.o [4]
_exit                    0x0080d3        Code  Gb  cexit.o [4]
_interrupt_1             0x0080e6        Code  Gb  stm8s_it.o [1]
_interrupt_10            0x0080ef        Code  Gb  stm8s_it.o [1]
_interrupt_11            0x0080f0        Code  Gb  stm8s_it.o [1]
_interrupt_12            0x0080f1        Code  Gb  stm8s_it.o [1]
_interrupt_13            0x0080f2        Code  Gb  stm8s_it.o [1]
_interrupt_14            0x0080f3        Code  Gb  stm8s_it.o [1]
_interrupt_15            0x0080f4        Code  Gb  stm8s_it.o [1]
_interrupt_16            0x0080f5        Code  Gb  stm8s_it.o [1]
_interrupt_17            0x0080f6        Code  Gb  stm8s_it.o [1]
_interrupt_18            0x0080f7        Code  Gb  stm8s_it.o [1]
_interrupt_19            0x0080f8        Code  Gb  stm8s_it.o [1]
_interrupt_2             0x0080e7        Code  Gb  stm8s_it.o [1]
_interrupt_20            0x0080f9        Code  Gb  stm8s_it.o [1]
_interrupt_21            0x0080fa        Code  Gb  stm8s_it.o [1]
_interrupt_22            0x0080fb        Code  Gb  stm8s_it.o [1]
_interrupt_23            0x0080fc        Code  Gb  stm8s_it.o [1]
_interrupt_24            0x0080fd        Code  Gb  stm8s_it.o [1]
_interrupt_25            0x0080fe        Code  Gb  stm8s_it.o [1]
_interrupt_26            0x0080ff        Code  Gb  stm8s_it.o [1]
_interrupt_3             0x0080e8        Code  Gb  stm8s_it.o [1]
_interrupt_4             0x0080e9        Code  Gb  stm8s_it.o [1]
_interrupt_5             0x0080ea        Code  Gb  stm8s_it.o [1]
_interrupt_6             0x0080eb        Code  Gb  stm8s_it.o [1]
_interrupt_7             0x0080ec        Code  Gb  stm8s_it.o [1]
_interrupt_8             0x0080ed        Code  Gb  stm8s_it.o [1]
_interrupt_9             0x0080ee        Code  Gb  stm8s_it.o [1]
exit                     0x0080de   0x3  Code  Gb  exit.o [4]
main                     0x0080e4   0x2  Code  Gb  main.o [1]


[1] = C:\Users\16282\Desktop\STM8_DEMO\STM8ku_DEMO\IAR\Debug\Obj
[2] = command line
[3] = dbgstm8smd.a
[4] = dlstm8smn.a

  129 bytes of readonly  code memory
  128 bytes of readonly  data memory
  268 bytes of readwrite data memory

Errors: none
Warnings: none
